// Jest Snapshot v1, https://goo.gl/fbAQLP

exports[`App component renders App 1`] = `
<Fragment>
  <BrowserRouter>
    <Header />
    <Route
      component={[Function]}
      exact={true}
      path="/"
    />
    <Switch>
      <Route
        component={[Function]}
        path="/connect"
      />
      <Route
        component={[Function]}
        path="/about"
      />
      <Route
        component={[Function]}
        path="/:title"
      />
    </Switch>
  </BrowserRouter>
</Fragment>
`;
